stm32l4xx_hal.c:159:19:HAL_Init	8	static
stm32l4xx_hal.c:196:19:HAL_DeInit	8	static
stm32l4xx_hal.c:225:13:HAL_MspInit	4	static
stm32l4xx_hal.c:236:13:HAL_MspDeInit	4	static
stm32l4xx_hal.c:259:26:HAL_InitTick	16	static
stm32l4xx_hal.c:304:13:HAL_IncTick	4	static
stm32l4xx_hal.c:315:17:HAL_GetTick	4	static
stm32l4xx_hal.c:330:13:HAL_Delay	24	static
stm32l4xx_hal.c:349:13:HAL_SuspendTick	4	static
stm32l4xx_hal.c:365:13:HAL_ResumeTick	4	static
stm32l4xx_hal.c:375:10:HAL_GetHalVersion	4	static
stm32l4xx_hal.c:384:10:HAL_GetREVID	4	static
stm32l4xx_hal.c:393:10:HAL_GetDEVID	4	static
stm32l4xx_hal.c:422:6:HAL_DBGMCU_EnableDBGSleepMode	4	static
stm32l4xx_hal.c:431:6:HAL_DBGMCU_DisableDBGSleepMode	4	static
stm32l4xx_hal.c:440:6:HAL_DBGMCU_EnableDBGStopMode	4	static
stm32l4xx_hal.c:449:6:HAL_DBGMCU_DisableDBGStopMode	4	static
stm32l4xx_hal.c:458:6:HAL_DBGMCU_EnableDBGStandbyMode	4	static
stm32l4xx_hal.c:467:6:HAL_DBGMCU_DisableDBGStandbyMode	4	static
stm32l4xx_hal.c:500:6:HAL_SYSCFG_SRAM2Erase	4	static
stm32l4xx_hal.c:519:6:HAL_SYSCFG_EnableMemorySwappingBank	4	static
stm32l4xx_hal.c:534:6:HAL_SYSCFG_DisableMemorySwappingBank	4	static
stm32l4xx_hal.c:551:6:HAL_SYSCFG_VREFBUF_VoltageScalingConfig	16	static
stm32l4xx_hal.c:567:6:HAL_SYSCFG_VREFBUF_HighImpedanceConfig	16	static
stm32l4xx_hal.c:579:6:HAL_SYSCFG_VREFBUF_TrimmingConfig	16	static
stm32l4xx_hal.c:591:19:HAL_SYSCFG_EnableVREFBUF	16	static
stm32l4xx_hal.c:617:6:HAL_SYSCFG_DisableVREFBUF	4	static
stm32l4xx_hal.c:628:6:HAL_SYSCFG_EnableIOAnalogSwitchBooster	4	static
stm32l4xx_hal.c:638:6:HAL_SYSCFG_DisableIOAnalogSwitchBooster	4	static
