stm32l4xx_hal_pwr_ex.c:126:10:HAL_PWREx_GetVoltageRange	4	static
stm32l4xx_hal_pwr_ex.c:153:19:HAL_PWREx_ControlVoltageScaling	24	static
stm32l4xx_hal_pwr_ex.c:202:6:HAL_PWREx_EnableBatteryCharging	16	static
stm32l4xx_hal_pwr_ex.c:218:6:HAL_PWREx_DisableBatteryCharging	4	static
stm32l4xx_hal_pwr_ex.c:230:6:HAL_PWREx_EnableVddUSB	4	static
stm32l4xx_hal_pwr_ex.c:240:6:HAL_PWREx_DisableVddUSB	4	static
stm32l4xx_hal_pwr_ex.c:252:6:HAL_PWREx_EnableVddIO2	4	static
stm32l4xx_hal_pwr_ex.c:262:6:HAL_PWREx_DisableVddIO2	4	static
stm32l4xx_hal_pwr_ex.c:273:6:HAL_PWREx_EnableInternalWakeUpLine	4	static
stm32l4xx_hal_pwr_ex.c:283:6:HAL_PWREx_DisableInternalWakeUpLine	4	static
stm32l4xx_hal_pwr_ex.c:311:19:HAL_PWREx_EnableGPIOPullUp	16	static
stm32l4xx_hal_pwr_ex.c:381:19:HAL_PWREx_DisableGPIOPullUp	16	static
stm32l4xx_hal_pwr_ex.c:450:19:HAL_PWREx_EnableGPIOPullDown	16	static
stm32l4xx_hal_pwr_ex.c:520:19:HAL_PWREx_DisableGPIOPullDown	16	static
stm32l4xx_hal_pwr_ex.c:578:6:HAL_PWREx_EnablePullUpPullDownConfig	4	static
stm32l4xx_hal_pwr_ex.c:590:6:HAL_PWREx_DisablePullUpPullDownConfig	4	static
stm32l4xx_hal_pwr_ex.c:603:6:HAL_PWREx_EnableSRAM2ContentRetention	4	static
stm32l4xx_hal_pwr_ex.c:615:6:HAL_PWREx_DisableSRAM2ContentRetention	4	static
stm32l4xx_hal_pwr_ex.c:628:6:HAL_PWREx_EnablePVM1	4	static
stm32l4xx_hal_pwr_ex.c:637:6:HAL_PWREx_DisablePVM1	4	static
stm32l4xx_hal_pwr_ex.c:649:6:HAL_PWREx_EnablePVM2	4	static
stm32l4xx_hal_pwr_ex.c:658:6:HAL_PWREx_DisablePVM2	4	static
stm32l4xx_hal_pwr_ex.c:669:6:HAL_PWREx_EnablePVM3	4	static
stm32l4xx_hal_pwr_ex.c:678:6:HAL_PWREx_DisablePVM3	4	static
stm32l4xx_hal_pwr_ex.c:688:6:HAL_PWREx_EnablePVM4	4	static
stm32l4xx_hal_pwr_ex.c:697:6:HAL_PWREx_DisablePVM4	4	static
stm32l4xx_hal_pwr_ex.c:717:19:HAL_PWREx_ConfigPVM	16	static
stm32l4xx_hal_pwr_ex.c:878:6:HAL_PWREx_EnableLowPowerRunMode	4	static
stm32l4xx_hal_pwr_ex.c:893:19:HAL_PWREx_DisableLowPowerRunMode	16	static
stm32l4xx_hal_pwr_ex.c:937:6:HAL_PWREx_EnterSTOP0Mode	16	static
stm32l4xx_hal_pwr_ex.c:988:6:HAL_PWREx_EnterSTOP1Mode	16	static
stm32l4xx_hal_pwr_ex.c:1040:6:HAL_PWREx_EnterSTOP2Mode	16	static
stm32l4xx_hal_pwr_ex.c:1082:6:HAL_PWREx_EnterSHUTDOWNMode	4	static
stm32l4xx_hal_pwr_ex.c:1107:6:HAL_PWREx_PVD_PVM_IRQHandler	8	static
stm32l4xx_hal_pwr_ex.c:1163:13:HAL_PWREx_PVM1Callback	4	static
stm32l4xx_hal_pwr_ex.c:1176:13:HAL_PWREx_PVM2Callback	4	static
stm32l4xx_hal_pwr_ex.c:1188:13:HAL_PWREx_PVM3Callback	4	static
stm32l4xx_hal_pwr_ex.c:1199:13:HAL_PWREx_PVM4Callback	4	static
