stm32l4xx_hal_rcc_ex.c:172:19:HAL_RCCEx_PeriphCLKConfig	32	static
stm32l4xx_hal_rcc_ex.c:669:6:HAL_RCCEx_GetPeriphCLKConfig	88	static
stm32l4xx_hal_rcc_ex.c:883:10:HAL_RCCEx_GetPeriphCLKFreq	136	static
stm32l4xx_hal_rcc_ex.c:1669:19:HAL_RCCEx_EnablePLLSAI1	56	static
stm32l4xx_hal_rcc_ex.c:1731:19:HAL_RCCEx_DisablePLLSAI1	16	static
stm32l4xx_hal_rcc_ex.c:1777:19:HAL_RCCEx_EnablePLLSAI2	48	static
stm32l4xx_hal_rcc_ex.c:1838:19:HAL_RCCEx_DisablePLLSAI2	16	static
stm32l4xx_hal_rcc_ex.c:1886:6:HAL_RCCEx_WakeUpStopCLKConfig	16	static
stm32l4xx_hal_rcc_ex.c:1904:6:HAL_RCCEx_StandbyMSIRangeConfig	16	static
stm32l4xx_hal_rcc_ex.c:1918:6:HAL_RCCEx_EnableLSECSS	4	static
stm32l4xx_hal_rcc_ex.c:1928:6:HAL_RCCEx_DisableLSECSS	4	static
stm32l4xx_hal_rcc_ex.c:1941:6:HAL_RCCEx_EnableLSECSS_IT	4	static
stm32l4xx_hal_rcc_ex.c:1958:6:HAL_RCCEx_LSECSS_IRQHandler	8	static
stm32l4xx_hal_rcc_ex.c:1975:13:HAL_RCCEx_LSECSS_Callback	4	static
stm32l4xx_hal_rcc_ex.c:1990:6:HAL_RCCEx_EnableLSCO	48	static
stm32l4xx_hal_rcc_ex.c:2037:6:HAL_RCCEx_DisableLSCO	16	static
stm32l4xx_hal_rcc_ex.c:2075:6:HAL_RCCEx_EnableMSIPLLMode	4	static
stm32l4xx_hal_rcc_ex.c:2085:6:HAL_RCCEx_DisableMSIPLLMode	4	static
stm32l4xx_hal_rcc_ex.c:2470:26:RCCEx_PLLSAI1_Config	96	static
stm32l4xx_hal_rcc_ex.c:2625:26:RCCEx_PLLSAI2_Config	80	static
