stm32l4xx_hal_uart.c:227:19:HAL_UART_Init	16	static
stm32l4xx_hal_uart.c:290:19:HAL_HalfDuplex_Init	16	static
stm32l4xx_hal_uart.c:353:19:HAL_LIN_Init	16	static
stm32l4xx_hal_uart.c:440:19:HAL_MultiProcessor_Init	24	static
stm32l4xx_hal_uart.c:504:19:HAL_UART_DeInit	16	static
stm32l4xx_hal_uart.c:542:13:HAL_UART_MspInit	16	static
stm32l4xx_hal_uart.c:557:13:HAL_UART_MspDeInit	16	static
stm32l4xx_hal_uart.c:656:19:HAL_UART_Transmit	40	static
stm32l4xx_hal_uart.c:725:19:HAL_UART_Receive	48	static
stm32l4xx_hal_uart.c:796:19:HAL_UART_Transmit_IT	24	static
stm32l4xx_hal_uart.c:837:19:HAL_UART_Receive_IT	24	static
stm32l4xx_hal_uart.c:884:19:HAL_UART_Transmit_DMA	24	static
stm32l4xx_hal_uart.c:946:19:HAL_UART_Receive_DMA	24	static
stm32l4xx_hal_uart.c:1006:19:HAL_UART_DMAPause	16	static
stm32l4xx_hal_uart.c:1039:19:HAL_UART_DMAResume	16	static
stm32l4xx_hal_uart.c:1073:19:HAL_UART_DMAStop	16	static
stm32l4xx_hal_uart.c:1127:19:HAL_UART_Abort	16	static
stm32l4xx_hal_uart.c:1194:19:HAL_UART_AbortTransmit	16	static
stm32l4xx_hal_uart.c:1236:19:HAL_UART_AbortReceive	16	static
stm32l4xx_hal_uart.c:1284:19:HAL_UART_Abort_IT	24	static
stm32l4xx_hal_uart.c:1409:19:HAL_UART_AbortTransmit_IT	16	static
stm32l4xx_hal_uart.c:1474:19:HAL_UART_AbortReceive_IT	16	static
stm32l4xx_hal_uart.c:1537:6:HAL_UART_IRQHandler	32	static
stm32l4xx_hal_uart.c:1690:13:HAL_UART_TxCpltCallback	16	static
stm32l4xx_hal_uart.c:1705:13:HAL_UART_TxHalfCpltCallback	16	static
stm32l4xx_hal_uart.c:1720:13:HAL_UART_RxCpltCallback	16	static
stm32l4xx_hal_uart.c:1735:13:HAL_UART_RxHalfCpltCallback	16	static
stm32l4xx_hal_uart.c:1750:13:HAL_UART_ErrorCallback	16	static
stm32l4xx_hal_uart.c:1765:13:HAL_UART_AbortCpltCallback	16	static
stm32l4xx_hal_uart.c:1780:13:HAL_UART_AbortTransmitCpltCallback	16	static
stm32l4xx_hal_uart.c:1795:13:HAL_UART_AbortReceiveCpltCallback	16	static
stm32l4xx_hal_uart.c:1837:19:HAL_MultiProcessor_EnableMuteMode	16	static
stm32l4xx_hal_uart.c:1858:19:HAL_MultiProcessor_DisableMuteMode	16	static
stm32l4xx_hal_uart.c:1879:6:HAL_MultiProcessor_EnterMuteMode	16	static
stm32l4xx_hal_uart.c:1889:19:HAL_HalfDuplex_EnableTransmitter	16	static
stm32l4xx_hal_uart.c:1913:19:HAL_HalfDuplex_EnableReceiver	16	static
stm32l4xx_hal_uart.c:1937:19:HAL_LIN_SendBreak	16	static
stm32l4xx_hal_uart.c:1985:23:HAL_UART_GetState	24	static
stm32l4xx_hal_uart.c:2000:10:HAL_UART_GetError	16	static
stm32l4xx_hal_uart.c:2021:19:UART_SetConfig	48	static
stm32l4xx_hal_uart.c:2212:6:UART_AdvFeatureConfig	16	static
stm32l4xx_hal_uart.c:2286:19:UART_CheckIdleState	32	static
stm32l4xx_hal_uart.c:2336:19:UART_WaitOnFlagUntilTimeout	24	static
stm32l4xx_hal_uart.c:2368:13:UART_EndTxTransfer	16	static
stm32l4xx_hal_uart.c:2383:13:UART_EndRxTransfer	16	static
stm32l4xx_hal_uart.c:2399:13:UART_DMATransmitCplt	24	static
stm32l4xx_hal_uart.c:2428:13:UART_DMATxHalfCplt	24	static
stm32l4xx_hal_uart.c:2440:13:UART_DMAReceiveCplt	24	static
stm32l4xx_hal_uart.c:2469:13:UART_DMARxHalfCplt	24	static
stm32l4xx_hal_uart.c:2481:13:UART_DMAError	24	static
stm32l4xx_hal_uart.c:2511:13:UART_DMAAbortOnError	24	static
stm32l4xx_hal_uart.c:2528:13:UART_DMATxAbortCallback	24	static
stm32l4xx_hal_uart.c:2570:13:UART_DMARxAbortCallback	24	static
stm32l4xx_hal_uart.c:2612:13:UART_DMATxOnlyAbortCallback	24	static
stm32l4xx_hal_uart.c:2633:13:UART_DMARxOnlyAbortCallback	24	static
stm32l4xx_hal_uart.c:2656:26:UART_Transmit_IT	24	static
stm32l4xx_hal_uart.c:2702:26:UART_EndTransmit_IT	16	static
stm32l4xx_hal_uart.c:2722:26:UART_Receive_IT	24	static
