stm32l4xx_hal_rtc.c:186:19:HAL_RTC_Init	16	static
stm32l4xx_hal_rtc.c:263:19:HAL_RTC_DeInit	24	static
stm32l4xx_hal_rtc.c:366:13:HAL_RTC_MspInit	16	static
stm32l4xx_hal_rtc.c:381:13:HAL_RTC_MspDeInit	16	static
stm32l4xx_hal_rtc.c:419:19:HAL_RTC_SetTime	40	static
stm32l4xx_hal_rtc.c:554:19:HAL_RTC_GetTime	32	static
stm32l4xx_hal_rtc.c:598:19:HAL_RTC_SetDate	40	static
stm32l4xx_hal_rtc.c:709:19:HAL_RTC_GetDate	32	static
stm32l4xx_hal_rtc.c:763:19:HAL_RTC_SetAlarm	48	static
stm32l4xx_hal_rtc.c:947:19:HAL_RTC_SetAlarm_IT	48	static
stm32l4xx_hal_rtc.c:1132:19:HAL_RTC_DeactivateAlarm	24	static
stm32l4xx_hal_rtc.c:1226:19:HAL_RTC_GetAlarm	32	static
stm32l4xx_hal_rtc.c:1277:6:HAL_RTC_AlarmIRQHandler	16	static
stm32l4xx_hal_rtc.c:1316:13:HAL_RTC_AlarmAEventCallback	16	static
stm32l4xx_hal_rtc.c:1332:19:HAL_RTC_PollForAlarmAEvent	24	static
stm32l4xx_hal_rtc.c:1391:19:HAL_RTC_WaitForSynchro	24	static
stm32l4xx_hal_rtc.c:1435:21:HAL_RTC_GetState	16	static
stm32l4xx_hal_rtc.c:1459:19:RTC_EnterInitMode	24	static
stm32l4xx_hal_rtc.c:1489:9:RTC_ByteToBcd2	24	static
stm32l4xx_hal_rtc.c:1507:9:RTC_Bcd2ToByte	24	static
