stm32l4xx_hal_flash.c:182:19:HAL_FLASH_Program	32	static
stm32l4xx_hal_flash.c:260:19:HAL_FLASH_Program_IT	32	static
stm32l4xx_hal_flash.c:316:6:HAL_FLASH_IRQHandler	16	static
stm32l4xx_hal_flash.c:449:13:HAL_FLASH_EndOfOperationCallback	16	static
stm32l4xx_hal_flash.c:467:13:HAL_FLASH_OperationErrorCallback	16	static
stm32l4xx_hal_flash.c:500:19:HAL_FLASH_Unlock	4	static
stm32l4xx_hal_flash.c:520:19:HAL_FLASH_Lock	4	static
stm32l4xx_hal_flash.c:532:19:HAL_FLASH_OB_Unlock	4	static
stm32l4xx_hal_flash.c:552:19:HAL_FLASH_OB_Lock	4	static
stm32l4xx_hal_flash.c:564:19:HAL_FLASH_OB_Launch	8	static
stm32l4xx_hal_flash.c:614:10:HAL_FLASH_GetError	4	static
stm32l4xx_hal_flash.c:638:19:FLASH_WaitForLastOperation	24	static
stm32l4xx_hal_flash.c:690:13:FLASH_SetErrorCode	4	static
stm32l4xx_hal_flash.c:766:13:FLASH_Program_DoubleWord	32	static
stm32l4xx_hal_flash.c:785:13:FLASH_Program_Fast	32	static
