core_cm4.h:1596:22:NVIC_SetPriorityGrouping	24	static
core_cm4.h:1615:26:NVIC_GetPriorityGrouping	4	static
core_cm4.h:1626:22:NVIC_EnableIRQ	16	static
core_cm4.h:1637:22:NVIC_DisableIRQ	16	static
core_cm4.h:1650:26:NVIC_GetPendingIRQ	16	static
core_cm4.h:1661:22:NVIC_SetPendingIRQ	16	static
core_cm4.h:1672:22:NVIC_ClearPendingIRQ	16	static
core_cm4.h:1685:26:NVIC_GetActive	16	static
core_cm4.h:1698:22:NVIC_SetPriority	16	static
core_cm4.h:1720:26:NVIC_GetPriority	16	static
core_cm4.h:1745:26:NVIC_EncodePriority	40	static
core_cm4.h:1772:22:NVIC_DecodePriority	40	static
core_cm4.h:1790:22:NVIC_SystemReset	4	static
core_cm4.h:1830:26:SysTick_Config	16	static
stm32l4xx_hal_cortex.c:182:6:HAL_NVIC_SetPriorityGrouping	16	static
stm32l4xx_hal_cortex.c:204:6:HAL_NVIC_SetPriority	32	static
stm32l4xx_hal_cortex.c:226:6:HAL_NVIC_EnableIRQ	16	static
stm32l4xx_hal_cortex.c:242:6:HAL_NVIC_DisableIRQ	16	static
stm32l4xx_hal_cortex.c:255:6:HAL_NVIC_SystemReset	8	static
stm32l4xx_hal_cortex.c:268:10:HAL_SYSTICK_Config	16	static
stm32l4xx_hal_cortex.c:296:10:HAL_NVIC_GetPriorityGrouping	8	static
stm32l4xx_hal_cortex.c:323:6:HAL_NVIC_GetPriority	24	static
stm32l4xx_hal_cortex.c:338:6:HAL_NVIC_SetPendingIRQ	16	static
stm32l4xx_hal_cortex.c:353:10:HAL_NVIC_GetPendingIRQ	16	static
stm32l4xx_hal_cortex.c:366:6:HAL_NVIC_ClearPendingIRQ	16	static
stm32l4xx_hal_cortex.c:380:10:HAL_NVIC_GetActive	16	static
stm32l4xx_hal_cortex.c:394:6:HAL_SYSTICK_CLKSourceConfig	16	static
stm32l4xx_hal_cortex.c:412:6:HAL_SYSTICK_IRQHandler	8	static
stm32l4xx_hal_cortex.c:421:13:HAL_SYSTICK_Callback	4	static
stm32l4xx_hal_cortex.c:435:6:HAL_MPU_ConfigRegion	16	static
