usbd_conf.c:73:6:HAL_PCD_MspInit	48	static
usbd_conf.c:117:6:HAL_PCD_MspDeInit	24	static
usbd_conf.c:159:6:HAL_PCD_SetupStageCallback	16	static
usbd_conf.c:170:6:HAL_PCD_DataOutStageCallback	16	static
usbd_conf.c:181:6:HAL_PCD_DataInStageCallback	16	static
usbd_conf.c:191:6:HAL_PCD_SOFCallback	16	static
usbd_conf.c:201:6:HAL_PCD_ResetCallback	24	static
usbd_conf.c:228:6:HAL_PCD_SuspendCallback	16	static
usbd_conf.c:249:6:HAL_PCD_ResumeCallback	16	static
usbd_conf.c:270:6:HAL_PCD_ISOOUTIncompleteCallback	16	static
usbd_conf.c:281:6:HAL_PCD_ISOINIncompleteCallback	16	static
usbd_conf.c:291:6:HAL_PCD_ConnectCallback	16	static
usbd_conf.c:301:6:HAL_PCD_DisconnectCallback	16	static
usbd_conf.c:314:21:USBD_LL_Init	16	static
usbd_conf.c:350:21:USBD_LL_DeInit	24	static
usbd_conf.c:382:21:USBD_LL_Start	24	static
usbd_conf.c:414:21:USBD_LL_Stop	24	static
usbd_conf.c:449:21:USBD_LL_OpenEP	24	static
usbd_conf.c:489:21:USBD_LL_CloseEP	24	static
usbd_conf.c:522:21:USBD_LL_FlushEP	24	static
usbd_conf.c:555:21:USBD_LL_StallEP	24	static
usbd_conf.c:588:21:USBD_LL_ClearStallEP	24	static
usbd_conf.c:621:9:USBD_LL_IsStallEP	24	static
usbd_conf.c:640:21:USBD_LL_SetUSBAddress	24	static
usbd_conf.c:675:21:USBD_LL_Transmit	32	static
usbd_conf.c:713:21:USBD_LL_PrepareReceive	32	static
usbd_conf.c:749:10:USBD_LL_GetRxDataSize	16	static
usbd_conf.c:759:6:HAL_GPIO_EXTI_Callback	16	static
usbd_conf.c:774:6:HAL_PCDEx_LPM_Callback	16	static
usbd_conf.c:809:7:USBD_LL_Delay	16	static
usbd_conf.c:819:7:USBD_static_malloc	16	static
usbd_conf.c:830:6:USBD_static_free	16	static
usbd_conf.c:842:13:SystemClockConfig_Resume	8	static
usbd_conf.c:854:6:HAL_PCDEx_SetConnectionState	16	static
usbd_conf.c:877:20:USBD_LL_BatteryCharging	24	static
