stm32l4xx_hal_pcd.c:148:19:HAL_PCD_Init	80	static
stm32l4xx_hal_pcd.c:233:19:HAL_PCD_DeInit	16	static
stm32l4xx_hal_pcd.c:259:13:HAL_PCD_MspInit	16	static
stm32l4xx_hal_pcd.c:274:13:HAL_PCD_MspDeInit	16	static
stm32l4xx_hal_pcd.c:308:19:HAL_PCD_Start	16	static
stm32l4xx_hal_pcd.c:322:19:HAL_PCD_Stop	16	static
stm32l4xx_hal_pcd.c:337:6:HAL_PCD_IRQHandler	56	static
stm32l4xx_hal_pcd.c:880:13:HAL_PCD_DataOutStageCallback	16	static
stm32l4xx_hal_pcd.c:897:13:HAL_PCD_DataInStageCallback	16	static
stm32l4xx_hal_pcd.c:912:13:HAL_PCD_SetupStageCallback	16	static
stm32l4xx_hal_pcd.c:927:13:HAL_PCD_SOFCallback	16	static
stm32l4xx_hal_pcd.c:942:13:HAL_PCD_ResetCallback	16	static
stm32l4xx_hal_pcd.c:957:13:HAL_PCD_SuspendCallback	16	static
stm32l4xx_hal_pcd.c:972:13:HAL_PCD_ResumeCallback	16	static
stm32l4xx_hal_pcd.c:988:13:HAL_PCD_ISOOUTIncompleteCallback	16	static
stm32l4xx_hal_pcd.c:1005:13:HAL_PCD_ISOINIncompleteCallback	16	static
stm32l4xx_hal_pcd.c:1021:13:HAL_PCD_ConnectCallback	16	static
stm32l4xx_hal_pcd.c:1036:13:HAL_PCD_DisconnectCallback	16	static
stm32l4xx_hal_pcd.c:1070:19:HAL_PCD_DevConnect	16	static
stm32l4xx_hal_pcd.c:1083:19:HAL_PCD_DevDisconnect	16	static
stm32l4xx_hal_pcd.c:1097:19:HAL_PCD_SetAddress	16	static
stm32l4xx_hal_pcd.c:1113:19:HAL_PCD_EP_Open	24	static
stm32l4xx_hal_pcd.c:1146:19:HAL_PCD_EP_Close	24	static
stm32l4xx_hal_pcd.c:1177:19:HAL_PCD_EP_Receive	32	static
stm32l4xx_hal_pcd.c:1211:10:HAL_PCD_EP_GetRxCount	16	static
stm32l4xx_hal_pcd.c:1223:19:HAL_PCD_EP_Transmit	32	static
stm32l4xx_hal_pcd.c:1258:19:HAL_PCD_EP_SetStall	24	static
stm32l4xx_hal_pcd.c:1292:19:HAL_PCD_EP_ClrStall	24	static
stm32l4xx_hal_pcd.c:1322:19:HAL_PCD_EP_Flush	16	static
stm32l4xx_hal_pcd.c:1345:19:HAL_PCD_ActivateRemoteWakeup	16	static
stm32l4xx_hal_pcd.c:1355:19:HAL_PCD_DeActivateRemoteWakeup	16	static
stm32l4xx_hal_pcd.c:1383:18:HAL_PCD_GetState	16	static
stm32l4xx_hal_pcd.c:1406:26:PCD_WriteEmptyTxFifo	48	static
